// Jest Snapshot v1, https://goo.gl/fbAQLP

exports[`Tests 404 page Renders the 404 page when url does not match any routes 1`] = `
<h4
  class="MuiTypography-root MuiTypography-h4"
>
  404 - Not found
</h4>
`;
